// Jest Snapshot v1, https://goo.gl/fbAQLP

exports[`SingleSupplierPageLoader should render the SingleSupplierPageLoader component properly 1`] = `
<ContentLoader
  height={1600}
  primaryColor="#cccccc"
  secondaryColor="#ecebeb"
  speed={1}
  width={600}
>
  <rect
    height="20"
    rx="2"
    ry="2"
    width="400"
    x="100"
    y="50"
  />
  <rect
    height="13"
    rx="2"
    ry="2"
    width="320"
    x="140"
    y="80"
  />
  <rect
    height="5"
    rx="3"
    ry="3"
    width="80"
    x="140"
    y="110"
  />
  <rect
    height="5"
    rx="3"
    ry="3"
    width="160"
    x="140"
    y="120"
  />
  <rect
    height="5"
    rx="3"
    ry="3"
    width="80"
    x="140"
    y="130"
  />
  <rect
    height="5"
    rx="3"
    ry="3"
    width="160"
    x="140"
    y="140"
  />
  <rect
    height="5"
    rx="3"
    ry="3"
    width="240"
    x="140"
    y="160"
  />
  <rect
    height="70"
    rx="100"
    ry="100"
    width="70"
    x="390"
    y="100"
  />
  <rect
    height="13"
    rx="0"
    ry="0"
    width="320"
    x="140"
    y="187"
  />
  <rect
    height="13"
    rx="0"
    ry="0"
    width="320"
    x="140"
    y="262"
  />
  <rect
    height="5"
    rx="0"
    ry="0"
    width="51"
    x="149"
    y="215"
  />
  <rect
    height="5"
    rx="0"
    ry="0"
    width="59"
    x="230"
    y="215"
  />
  <rect
    height="5"
    rx="0"
    ry="0"
    width="57"
    x="324"
    y="215"
  />
  <rect
    height="1"
    rx="0"
    ry="0"
    width="60"
    x="150"
    y="233"
  />
  <rect
    height="1"
    rx="0"
    ry="0"
    width="60"
    x="230"
    y="233"
  />
  <rect
    height="1"
    rx="0"
    ry="0"
    width="60"
    x="325"
    y="233"
  />
  <rect
    height="97"
    rx="0"
    ry="0"
    width="320"
    x="140"
    y="290"
  />
</ContentLoader>
`;
