// Jest Snapshot v1, https://goo.gl/fbAQLP

exports[`SupplierDescription should render the SupplierDescription component properly 1`] = `
<Fragment>
  <WithStyles(Grid)
    container={true}
    spacing={24}
  >
    <WithStyles(Grid)
      container={true}
      item={true}
      xs={12}
    >
      <WithStyles(Grid)
        container={true}
        item={true}
        spacing={24}
        xs={8}
      >
        <WithStyles(Grid)
          item={true}
          xs={12}
        >
          <div
            style={
              Object {
                "marginBottom": "9px",
              }
            }
          />
          <div>
            <div>
              <span>
                Address
              </span>
            </div>
            <div
              style={
                Object {
                  "marginTop": "5px",
                }
              }
            >
              <span>
                undefined
              </span>
            </div>
            <div>
              <span>
                undefined,
              </span>
            </div>
            <div>
              <span>
                ,
              </span>
            </div>
            <div>
              <span />
            </div>
            <div>
              <span />
            </div>
          </div>
        </WithStyles(Grid)>
      </WithStyles(Grid)>
      <WithStyles(Grid)
        item={true}
        xs={4}
      >
        <WithStyles(Card)
          elevation={0}
        >
          <WithStyles(CardMedia)
            title="Supplier Image"
          />
        </WithStyles(Card)>
      </WithStyles(Grid)>
    </WithStyles(Grid)>
    <WithStyles(Grid)
      container={true}
      item={true}
      xs={4}
    >
      <div />
    </WithStyles(Grid)>
    <WithStyles(Grid)
      container={true}
      item={true}
      xs={4}
    >
      <div />
    </WithStyles(Grid)>
    <WithStyles(Grid)
      container={true}
      item={true}
      xs={4}
    >
      <div />
    </WithStyles(Grid)>
  </WithStyles(Grid)>
</Fragment>
`;
