// Jest Snapshot v1, https://goo.gl/fbAQLP

exports[`Render ImportSuppliers Component should render the ImportSuppliers component properly 1`] = `
<Fragment>
  <BackAction
    header="Back"
    link="/suppliers"
  />
  <ImportSuppliersForm
    fileLoaded={false}
    handleDownloadTemplate={[Function]}
    handleFile={[Function]}
    handleUpload={[Function]}
    handleUploadFailed={[Function]}
    isSubmitFileFailed={false}
    onDrop={[Function]}
    serverResponse={[Function]}
    state={
      Object {
        "file": null,
        "fileLoaded": false,
        "isSubmitFileFailed": false,
        "loading": false,
        "serverResponse": "",
      }
    }
  />
</Fragment>
`;
