// Jest Snapshot v1, https://goo.gl/fbAQLP

exports[`Supplier Page DataTable  renders without crashing 1`] = `
<div>
  <WithStyles(Paper)>
    <TableToolBar
      client={
        Object {
          "query": [Function],
        }
      }
      componentRef={
        Object {
          "current": null,
        }
      }
      handleClickSearch={[Function]}
      handleEdit={[Function]}
      handleHideSearch={[Function]}
      handleSearchTextChange={[Function]}
      handleViewProposed={[Function]}
      isAdmin={false}
      isSearchActive={true}
      name="toolbar"
      numSelected={0}
      rows={Array []}
      status="approved"
      title="rfrfr"
    />
    <ForwardRef
      classes={Object {}}
      columns={Array []}
      handleHidePopup={[Function]}
      handleOnRowHover={[Function]}
      handleRowSeleted={[Function]}
      handleSelectAllClick={[Function]}
      isSelected={[Function]}
      onRowClick={[Function]}
      order="asc"
      rows={Array []}
      selected={Array []}
      x={0}
      y={0}
    />
    <WithStyles(TablePagination)
      backIconButtonProps={
        Object {
          "aria-label": "Previous Page",
        }
      }
      component="div"
      count={[Function]}
      nextIconButtonProps={
        Object {
          "aria-label": "Next Page",
        }
      }
      onChangePage={[Function]}
      page={2}
      rowsPerPage={10}
      rowsPerPageOptions={
        Array [
          5,
          10,
          25,
        ]
      }
    />
  </WithStyles(Paper)>
</div>
`;
